SuddenDeath
96 64
GGGGGGGGGGGGGGGGGGGGGGGGGGGGGGGGGGGGGGGGGGGGGGGGGGGGGGGGGGGGGGGGGGGGGGGGGGGGGGGGGGGGGGGGGGGGGGGGGG
GFFFFFFFFFFFFFFFFFFFFFFFFFFFFFFFFFFFFFFFFFFFFFFFFFFFFFFFFFFFFFFFFFFFFFFFFFFFFFFFFFFFFFFFFFFFFFFFFG
GFFFFFFFFFFFFFFFFFFFFFFFFFFFFFFFFFFFFFFFFFFFFFFFFFFFFFFFFFFFFFFFFFFFFFFFFFFFFFFFFFFFFFFFFFFFFFFFFG
GFFFFFFFFFFFFFFFFFFFFFFFFFFFFFFFFFFFFFFFFFFFFFFFFFFFFFFFFFFFFFFFFFFFFFFFFFFFFFFFFFFFFFFFFFFFFFFFFG
GFFFFFFFFFFFFFFFFFFFFFFFFFFFFFFFFFFFFFFFFFFFFFFFFFFFFFFFFFFFFFFFFFFFFFFFFFFFFFFFFFFFFFFFFFFFFFFFFG
GGGGGGGGGGGGGGGGGGFFFFFFFGGGGGGGGGGGGGGGGGGGGGGGGFFFFFFFFFGGGGGGGGGGGGGGGGGGFFFFFFFFGGGGGGGGGGGDFF
GGGGGGGGGGGGGGGGGGGGGFFFGGGGGGGGGGGGGGGGGGGGGGGGGGGFFFFGGGGGGGGGGGGGGGGGGGGGFFFFGGGGGGGGGGGGGGGDFF
GGGGGGGGGGGGGGGGGGGGGFFFGGGGGGGGGGGGGGGGGGGGGGGGGGGGFFFGGGGGGGGGGGGGGGGGGGFFFFGGGGGGGGGGGGGGGGGDFF
GGGGGGGGGGGGGGGGGGGGGGGGGGGGGGGGGGGGGGGGGGGGGGGGGGGGGGGGGGGGGGGGGGGGGGGGGGFFFFGGGGGGGGGGGGGGGGGDFF
GGGGGGGGGGGGGGGGGGGGGGGGGGGGGGGGGGFFFFGGGGGGGGGGGGGGGGGGGGGGGGGGGGGGGGGGGGGDDDDDDGGGGGGGGGGGGGGDFF
GGGGGGGGGGGGGGGGGGGGGGGGGGGGGGGGGFFFFGGGGGGGGGGGGGGGFFFFGGGGGGGGGGGGGGGGGDDDFFFDDGGGGGGGGGGGGGGDFF
GGGGGGGGGGGGGGGGGGGGGGGGGGGGGGGGFFFGGGGGGGGGGGGGGGGFFFFFGGGGGGGGGGGGGGGGGGDDDFFFFDDGGGGGGGGGGGGDFF
GGGGGGGGGGGGGGGGGGGGGGGGGGGGGGGGFFFGGGGGGGGGGGGGGGGGFFFFFGGGGGGGGGGGGGGGGGGGDDFFFFDDGGGGGGGGGGGDFF
GGGGGGGGGGGGGGGGGGGGGGGGGGGGGGGGGFFFGGGGGGGGGGGGGGGGGFFFFFGGGGGGGGGGGGGGGGGGGDDFFFFDDGGGGGGGGGGDFF
GGGGGGGGGGGGGGGGGGGGGGGGGGGGGGGGGGGGGGGGGGGGGGGGGGGGGGFFFFGGGGGGGGGGGGGGGGGGGGDDFFFFDDGGGGGGGGDDFF
GGGGGGGGGGGGGGGGGGGGGGGGGGGGFFFGGGGGGGGGGGGGGGGGGGGGGGFFFGGGGGGGGGGGGGGGGGGGGGGDDFFFFDDGGGGGGGDFFF
GGGGGGGGGGGGGGGGGGGGGGGGGGGFFFFFFGGGGGGGGGGGGGGGGGGGFFFFFGGGGGGGGGGGGGGGGGGGGGGGDDFFFFDDDDDDDFFFFF
GGGGGGGGGGGGGGGGGGGGGGGGGGFFFFFFFGGGGGGGGGGGGGGGGGGGGGGGGGGGGGGGGGGGGGGGGGGGGGGGDDDDFFFFFFFFFFFFFF
GGGGGGGGGGGGGGGGGGGGGGGGGFFFFFFFGGGGGGGGGGGGGGGGFFFFFFFFFGGGGGGGGGGGGGGGGGGGGGGFFDDDDFFFFFFFFFFFFF
GGGGGGGGGGGGGGGGGGGGGGGGGFFFFFFFGGGGGGGGGGGGGGFFFFFFFFFFFGGGGGGGGGGGGGGGGGGGGGGFFFDDDDFFFFFFFFFFFF
GGGGGGGGGGGGGGGGGGGGGGGGFFFFFFFFFGGGGGGGGGGGGFFFFFFFFFFFFFGGGGGGGGGGGGGGGGGGGGGFFFFDDDDDFFFFFFFFFF
FFFFFFFFFFFFFFFFFFFFFFFFFFFFFFFFFFFFFFFFFFFFFFFFFFFFFFFFFFFFFFFFFFFFFFFFFFFFFFFFFFFDDDDDFFFFFFFFFF
FFFFFFFFFFFFFFFFFFFFFFFFFFFFFFFFFFFFFFFFFFFFFFFFFFFFFFFFFFFFFFFFFFFFFFFFFFFFFFFFFFDDDDDFFFFFFFFFFF
FFFFFFFFFFFFFFFFFFFFFFFFFFFFFFFFFFFFFFFFFFFFFFFFFFFFFFFFFFFFFFFFFFFFFFFFFFFFFFFFFDDDDDFFFFFFFFFFFF
FFFFFFFFFFFFFFFFFFFFFFFFFFFFFFFFFFFFFFFFFFFFFFFFFFFFFFFFFFFFFFFFFFFFFFFFFFFFFFFFDDDDDFFFFFFFFFFFFF
FFFFFFFFFFFFFFFFFFFFFFFFFFFFFFFFFFFFFFFFFFFFFFFFFFFFFFFFFFFFFFFFFFFFFFFFFFFFFFFDDDDDFFFFFFFFFFFFFF
FFFFFFFFFFFFFFFFFFFFFFFFFFFFFFFFFFFFFFFFFFFFFFFFFFFFFFFFFFFFFFFFFFFFFFFFFFFFFFDDDDDFFFFFFFFFFFFFFF
FFFFFFFFFFFFFFFFFFFFFFFFFFFFFFFFFFFFFFFFFFFFFFFFDDFFFFFFFFFFFFFFFFFFFFFFFFFFFDDDDDFFFFFFFFFFFFFFFF
FFFFFFFFFFFFFFFFFFFFFFFFFFFFFFFFFFFFFFFFFFFFFFFDDDDFFFFFFFFFFFFFFFFFFFFFFFFFDDDDDFFFFFFFFFFFFFFFFF
FFFFFFFFFFFFFFFFFFFFFFFFFFFFFFFFFFFFFFFFFFFFFFDDDDDDFFFFFFFFFFFFFFFFFFFFFFFDDDDDFFFFFFFFFFFFFFFFFF
FFFFFFFFFFFFFFFFFFFFFDDDDDDFFFFFFFFFFFFFFFFFFDDDDDDDDFFFFFFFFFFFFFFFFFFFDDDDDDDFFFFFFFFFFFFFFFFFFF
FFFFFFFFFFFFFFFFFFFFDDDDDDDDDDDDDDDDDDDDDDDDDDDDDDDDDDDDDDDDDDDDDDDDDDDDDDDDDDFFFFFFFFFFFFFFFFFFFF
FFFFFFFFFFFFFFFFFFFFDDDDDDDDDDDDDDDDDDDDDDDDDDDDDDDDDDDDDDDDDDDDDDDDDDDDDDDDDDFFFFFFFFFFFFFFFFFFFF
FFFFFFFFFFFFFFFFFFFFDDDDDDDDDDDDDDDDDDDDDDDDDDDDDDDDDDDDDDDDDDDDDDDDDDDDDDDDDDFFFFFFFFFFFFFFFFFFFF
FFFFFFFFFFFFFFFFFFFFDDDDDDDDDDDDDDDDDDDDDDDDDDDDDDDDDDDDDDDDDDDDDDDDDDDDDDDDDDFFFFFFFFFFFFFFFFFFFF
FFFFFFFFFFFFFFFFFFFDDDDDDDFFFFFFFFFFFFFFFFFFFDDDDDDDDFFFFFFFFFFFFFFFFFFDDDDDDFFFFFFFFFFFFFFFFFFFFF
FFFFFFFFFFFFFFFFFFDDDDDFFFFFFFFFFFFFFFFFFFFFFFDDDDDDFFFFFFFFFFFFFFFFFFFFFFFFFFFFFFFFFFFFFFFFFFFFFF
FFFFFFFFFFFFFFFFFDDDDDFFFFFFFFFFFFFFFFFFFFFFFFFDDDDFFFFFFFFFFFFFFFFFFFFFFFFFFFFFFFFFFFFFFFFFFFFFFF
FFFFFFFFFFFFFFFFDDDDDFFFFFFFFFFFFFFFFFFFFFFFFFFFDDFFFFFFFFFFFFFFFFFFFFFFFFFFFFFFFFFFFFFFFFFFFFFFFF
FFFFFFFFFFFFFFFDDDDDFFFFFFFFFFFFFFFFFFFFFFFFFFFFFFFFFFFFFFFFFFFFFFFFFFFFFFFFFFFFFFFFFFFFFFFFFFFFFF
FFFFFFFFFFFFFFDDDDDFFFFFFFFFFFFFFFFFFFFFFFFFFFFFFFFFFFFFFFFFFFFFFFFFFFFFFFFFFFFFFFFFFFFFFFFFFFFFFF
FFFFFFFFFFFFFDDDDDFFFFFFFFFFFFFFFFFFFFFFFFFFFFFFFFFFFFFFFFFFFFFFFFFFFFFFFFFFFFFFFFFFFFFFFFFFFFFFFF
FFFFFFFFFFFFDDDDDFFFFFFFFFFFFFFFFFFFFFFFFFFFFFFFFFFFFFFFFFFFFFFFFFFFFFFFFFFFFFFFFFFFFFFFFFFFFFFFFF
FFFFFFFFFFFDDDDDFFFFFFFFFFFFFFFFFFFFFFFFFFFFFFFFFFFFFFFFFFFFFFFFFFFFFFFFFFFFFFFFFFFFFFFFFFFFFFFFFF
FFFFFFFFFFFDDDDFFFFFFFFFFFFFFFFFFFFFFFFFFFFFFFFFFFFFFFFFFFFFFFFFFFFFFFFFFFFFFFFFFFFFFFFFFFFFFFFFFF
FFFFFFFFFFDDDDDFFFFGGGGGGGGGGGGGGGGGGGGGGFFFFFFFFFFFFFGGGGGGGGGGGGGGGFFFFFFFFFGGGGGGGGGGGGGGGGGGGG
FFFFFFFFFFFFDDDDFFFGGGGGGGGGGGGGGGGGGGGGGGFFFFFFFFFFFGGGGGGGGGGGGGGGGGFFFFFFFGGGGGGGGGGGGGGGGGGGGG
FFFFFFFFFFFFFDDDDFFGGGGGGGGGGGGGGGGGGGGGGGGGFFFFFFFFFGGGGGGGGGGGGGGGGGFFFFFFFGGGGGGGGGGGGGGGGGGGGG
FFFFFFFFFFFFFFDDDDGGGGGGGGGGGGGGGGGGGGGGGGGGGGGGGGGGGGGGGGGGGGGGGGGGGFFFFFFFGGGGGGGGGGGGGGGGGGGGGG
FFFFFDDDDDDDFFFFDDGGGGGGGGGGGGGGGGGGGGGGGGGGGGGGFFFFFGGGGGGGGGGGGGGGGFFFFFFGGGGGGGGGGGGGGGGGGGGGGG
FFFDDGGGGGGDDFFFFDDGGGGGGGGGGGGGGGGGGGGGGGGGGGGGGGFFFGGGGGGGGGGGGGGGGGGFFFGGGGGGGGGGGGGGGGGGGGGGGG
FFDDGGGGGGGGDDFFFFDDGGGGGGGGGGGGGGGGGGGGGGGGGGGGGGFFFFGGGGGGGGGGGGGGGGGGGGGGGGGGGGGGGGGGGGGGGGGGGG
FFDGGGGGGGGGGDDFFFFDDGGGGGGGGGGGGGGGGGGGGGGGGGGGGFFFFFGGGGGGGGGGGGFFFGGGGGGGGGGGGGGGGGGGGGGGGGGGGG
FFDGGGGGGGGGGGDDFFFFDDGGGGGGGGGGGGGGGGGGGGGGGGGGFFFFFGGGGGGGGGGGGFFFGGGGGGGGGGGGGGGGGGGGGGGGGGGGGG
FFDGGGGGGGGGGGGDDFFFFDDGGGGGGGGGGGGGGGGGGGGGGGGFFFFFGGGGGGGGGGGGGFFFGGGGGGGGGGGGGGGGGGGGGGGGGGGGGG
FFDGGGGGGGGGGGGGDDFFFFDDGGGGGGGGGGGGGGGGGGGGGGGGFFFFGGGGGGGGGGGFFFFGGGGGGGGGGGGGGGGGGGGGGGGGGGGGGG
FFDGGGGGGGGGGGGGGDDDDDGGGGGGGGGGGGGGGGGGGGGGGGGGGGGGGGGGGGGGGGFFFFGGGGGGGGGGGGGGGGGGGGGGGGGGGGGGGG
FFDGGGGGGGGGGGGGGGGFFFFGGGGGGGGGGGGGGGGGGGGGGGGGGGGGGGGGGGGGGGGGGGGGGGGGGGGGGGGGGGGGGGGGGGGGGGGGGG
FFDGGGGGGGGGGGGGGGGFFFFGGGGGGGGGGGGGGGGGGGGGGGGGFFFGGGGGGGGGGGGGGGGGGGGGGGFFFGGGGGGGGGGGGGGGGGGGGG
FFDGGGGGGGGGGGGGGGFFFFGGGGGGGGGGGGGGGGGGGGGGGGGFFFFGGGGGGGGGGGGGGGGGGGGGGGFFFGGGGGGGGGGGGGGGGGGGGG
FFDGGGGGGGGGGFFFFFFFFGGGGGGGGGGGGGGGGGGGGGGGGFFFFFFFFFGGGGGGGGGGGGGGGGGGGFFFFFFFGGGGGGGGGGGGGGGGGG
GFFFFFFFFFFFFFFFFFFFFFFFFFFFFFFFFFFFFFFFFFFFFFFFFFFFFFFFFFFFFFFFFFFFFFFFFFFFFFFFFFFFFFFFFFFFFFFFFG
GFFFFFFFFFFFFFFFFFFFFFFFFFFFFFFFFFFFFFFFFFFFFFFFFFFFFFFFFFFFFFFFFFFFFFFFFFFFFFFFFFFFFFFFFFFFFFFFFG
GFFFFFFFFFFFFFFFFFFFFFFFFFFFFFFFFFFFFFFFFFFFFFFFFFFFFFFFFFFFFFFFFFFFFFFFFFFFFFFFFFFFFFFFFFFFFFFFFG
GFFFFFFFFFFFFFFFFFFFFFFFFFFFFFFFFFFFFFFFFFFFFFFFFFFFFFFFFFFFFFFFFFFFFFFFFFFFFFFFFFFFFFFFFFFFFFFFFG
GGGGGGGGGGGGGGGGGGGGGGGGGGGGGGGGGGGGGGGGGGGGGGGGGGGGGGGGGGGGGGGGGGGGGGGGGGGGGGGGGGGGGGGGGGGGGGGGGG
2
0 30000 500                                    
1 1000 0
2 1000 0
6
GoldMine 0 1 12
Footman 1 6 11
Footman 1 6 10
Footman 1 7 10
TownHall 1 3 5
Peasant 2 10 10
